Archive member included to satisfy reference by file (symbol)

/Applications/STM32CubeIDE.app/Contents/Eclipse/plugins/com.st.stm32cube.ide.mcu.externaltools.gnu-tools-for-stm32.13.3.rel1.macos64_1.0.0.202411102158/tools/bin/../lib/gcc/arm-none-eabi/13.3.1/../../../../arm-none-eabi/lib/thumb/v7e-m+fp/hard/libc_nano.a(libc_a-exit.o)
                              /Applications/STM32CubeIDE.app/Contents/Eclipse/plugins/com.st.stm32cube.ide.mcu.externaltools.gnu-tools-for-stm32.13.3.rel1.macos64_1.0.0.202411102158/tools/bin/../lib/gcc/arm-none-eabi/13.3.1/../../../../arm-none-eabi/lib/thumb/v7e-m+fp/hard/crt0.o (exit)
/Applications/STM32CubeIDE.app/Contents/Eclipse/plugins/com.st.stm32cube.ide.mcu.externaltools.gnu-tools-for-stm32.13.3.rel1.macos64_1.0.0.202411102158/tools/bin/../lib/gcc/arm-none-eabi/13.3.1/../../../../arm-none-eabi/lib/thumb/v7e-m+fp/hard/libc_nano.a(libc_a-findfp.o)
                              /Applications/STM32CubeIDE.app/Contents/Eclipse/plugins/com.st.stm32cube.ide.mcu.externaltools.gnu-tools-for-stm32.13.3.rel1.macos64_1.0.0.202411102158/tools/bin/../lib/gcc/arm-none-eabi/13.3.1/../../../../arm-none-eabi/lib/thumb/v7e-m+fp/hard/libc_nano.a(libc_a-exit.o) (__stdio_exit_handler)
/Applications/STM32CubeIDE.app/Contents/Eclipse/plugins/com.st.stm32cube.ide.mcu.externaltools.gnu-tools-for-stm32.13.3.rel1.macos64_1.0.0.202411102158/tools/bin/../lib/gcc/arm-none-eabi/13.3.1/../../../../arm-none-eabi/lib/thumb/v7e-m+fp/hard/libc_nano.a(libc_a-fwalk.o)
                              /Applications/STM32CubeIDE.app/Contents/Eclipse/plugins/com.st.stm32cube.ide.mcu.externaltools.gnu-tools-for-stm32.13.3.rel1.macos64_1.0.0.202411102158/tools/bin/../lib/gcc/arm-none-eabi/13.3.1/../../../../arm-none-eabi/lib/thumb/v7e-m+fp/hard/libc_nano.a(libc_a-findfp.o) (_fwalk_sglue)
/Applications/STM32CubeIDE.app/Contents/Eclipse/plugins/com.st.stm32cube.ide.mcu.externaltools.gnu-tools-for-stm32.13.3.rel1.macos64_1.0.0.202411102158/tools/bin/../lib/gcc/arm-none-eabi/13.3.1/../../../../arm-none-eabi/lib/thumb/v7e-m+fp/hard/libc_nano.a(libc_a-memset.o)
                              /Applications/STM32CubeIDE.app/Contents/Eclipse/plugins/com.st.stm32cube.ide.mcu.externaltools.gnu-tools-for-stm32.13.3.rel1.macos64_1.0.0.202411102158/tools/bin/../lib/gcc/arm-none-eabi/13.3.1/../../../../arm-none-eabi/lib/thumb/v7e-m+fp/hard/crt0.o (memset)
/Applications/STM32CubeIDE.app/Contents/Eclipse/plugins/com.st.stm32cube.ide.mcu.externaltools.gnu-tools-for-stm32.13.3.rel1.macos64_1.0.0.202411102158/tools/bin/../lib/gcc/arm-none-eabi/13.3.1/../../../../arm-none-eabi/lib/thumb/v7e-m+fp/hard/libc_nano.a(libc_a-errno.o)
                              ./Core/Src/syscalls.o (__errno)
/Applications/STM32CubeIDE.app/Contents/Eclipse/plugins/com.st.stm32cube.ide.mcu.externaltools.gnu-tools-for-stm32.13.3.rel1.macos64_1.0.0.202411102158/tools/bin/../lib/gcc/arm-none-eabi/13.3.1/../../../../arm-none-eabi/lib/thumb/v7e-m+fp/hard/libc_nano.a(libc_a-init.o)
                              /Applications/STM32CubeIDE.app/Contents/Eclipse/plugins/com.st.stm32cube.ide.mcu.externaltools.gnu-tools-for-stm32.13.3.rel1.macos64_1.0.0.202411102158/tools/bin/../lib/gcc/arm-none-eabi/13.3.1/../../../../arm-none-eabi/lib/thumb/v7e-m+fp/hard/crt0.o (__libc_init_array)
/Applications/STM32CubeIDE.app/Contents/Eclipse/plugins/com.st.stm32cube.ide.mcu.externaltools.gnu-tools-for-stm32.13.3.rel1.macos64_1.0.0.202411102158/tools/bin/../lib/gcc/arm-none-eabi/13.3.1/../../../../arm-none-eabi/lib/thumb/v7e-m+fp/hard/libc_nano.a(libc_a-lock.o)
                              /Applications/STM32CubeIDE.app/Contents/Eclipse/plugins/com.st.stm32cube.ide.mcu.externaltools.gnu-tools-for-stm32.13.3.rel1.macos64_1.0.0.202411102158/tools/bin/../lib/gcc/arm-none-eabi/13.3.1/../../../../arm-none-eabi/lib/thumb/v7e-m+fp/hard/libc_nano.a(libc_a-findfp.o) (__retarget_lock_init_recursive)
/Applications/STM32CubeIDE.app/Contents/Eclipse/plugins/com.st.stm32cube.ide.mcu.externaltools.gnu-tools-for-stm32.13.3.rel1.macos64_1.0.0.202411102158/tools/bin/../lib/gcc/arm-none-eabi/13.3.1/../../../../arm-none-eabi/lib/thumb/v7e-m+fp/hard/libc_nano.a(libc_a-impure.o)
                              /Applications/STM32CubeIDE.app/Contents/Eclipse/plugins/com.st.stm32cube.ide.mcu.externaltools.gnu-tools-for-stm32.13.3.rel1.macos64_1.0.0.202411102158/tools/bin/../lib/gcc/arm-none-eabi/13.3.1/../../../../arm-none-eabi/lib/thumb/v7e-m+fp/hard/libc_nano.a(libc_a-errno.o) (_impure_ptr)
/Applications/STM32CubeIDE.app/Contents/Eclipse/plugins/com.st.stm32cube.ide.mcu.externaltools.gnu-tools-for-stm32.13.3.rel1.macos64_1.0.0.202411102158/tools/bin/../lib/gcc/arm-none-eabi/13.3.1/../../../../arm-none-eabi/lib/thumb/v7e-m+fp/hard/libc_nano.a(libc_a-memcpy-stub.o)
                              ./Core/Src/os.o (memcpy)
[...]
Memory Configuration

Name             Origin             Length             Attributes
RAM              0x20000000         0x00020000         xrw
FLASH            0x08000000         0x00080000         xr
*default*        0x00000000         0xffffffff

Linker script and memory map

LOAD /Applications/STM32CubeIDE.app/Contents/Eclipse/plugins/com.st.stm32cube.ide.mcu.externaltools.gnu-tools-for-stm32.13.3.rel1.macos64_1.0.0.202411102158/tools/bin/../lib/gcc/arm-none-eabi/13.3.1/thumb/v7e-m+fp/hard/crti.o
LOAD /Applications/STM32CubeIDE.app/Contents/Eclipse/plugins/com.st.stm32cube.ide.mcu.externaltools.gnu-tools-for-stm32.13.3.rel1.macos64_1.0.0.202411102158/tools/bin/../lib/gcc/arm-none-eabi/13.3.1/thumb/v7e-m+fp/hard/crtbegin.o
LOAD /Applications/STM32CubeIDE.app/Contents/Eclipse/plugins/com.st.stm32cube.ide.mcu.externaltools.gnu-tools-for-stm32.13.3.rel1.macos64_1.0.0.202411102158/tools/bin/../lib/gcc/arm-none-eabi/13.3.1/../../../../arm-none-eabi/lib/thumb/v7e-m+fp/hard/crt0.o
LOAD ./Core/Src/led.o
LOAD ./Core/Src/main.o
LOAD ./Core/Src/os.o
LOAD ./Core/Src/stm32f4xx_hal_msp.o
LOAD ./Core/Src/stm32f4xx_it.o
LOAD ./Core/Src/switch.o
LOAD ./Core/Src/syscalls.o
LOAD ./Core/Src/sysmem.o
LOAD ./Core/Src/system_stm32f4xx.o
LOAD ./Core/Src/task.o
LOAD ./Core/Startup/startup_stm32f446retx.o
LOAD ./Drivers/STM32F4xx_HAL_Driver/Src/stm32f4xx_hal.o
LOAD ./Drivers/STM32F4xx_HAL_Driver/Src/stm32f4xx_hal_cortex.o
LOAD ./Drivers/STM32F4xx_HAL_Driver/Src/stm32f4xx_hal_dma.o
LOAD ./Drivers/STM32F4xx_HAL_Driver/Src/stm32f4xx_hal_dma_ex.o
LOAD ./Drivers/STM32F4xx_HAL_Driver/Src/stm32f4xx_hal_exti.o
LOAD ./Drivers/STM32F4xx_HAL_Driver/Src/stm32f4xx_hal_flash.o
LOAD ./Drivers/STM32F4xx_HAL_Driver/Src/stm32f4xx_hal_flash_ex.o
LOAD ./Drivers/STM32F4xx_HAL_Driver/Src/stm32f4xx_hal_flash_ramfunc.o
LOAD ./Drivers/STM32F4xx_HAL_Driver/Src/stm32f4xx_hal_gpio.o
LOAD ./Drivers/STM32F4xx_HAL_Driver/Src/stm32f4xx_hal_pwr.o
LOAD ./Drivers/STM32F4xx_HAL_Driver/Src/stm32f4xx_hal_pwr_ex.o
LOAD ./Drivers/STM32F4xx_HAL_Driver/Src/stm32f4xx_hal_rcc.o
LOAD ./Drivers/STM32F4xx_HAL_Driver/Src/stm32f4xx_hal_rcc_ex.o
LOAD ./Drivers/STM32F4xx_HAL_Driver/Src/stm32f4xx_hal_uart.o
LOAD /var/folders/27/f20_cn_j59vbcwkjssxndwfm0000gn/T//ccckmBWD.o
START GROUP
LOAD /Applications/STM32CubeIDE.app/Contents/Eclipse/plugins/com.st.stm32cube.ide.mcu.externaltools.gnu-tools-for-stm32.13.3.rel1.macos64_1.0.0.202411102158/tools/bin/../lib/gcc/arm-none-eabi/13.3.1/../../../../arm-none-eabi/lib/thumb/v7e-m+fp/hard/libc_nano.a
LOAD /Applications/STM32CubeIDE.app/Contents/Eclipse/plugins/com.st.stm32cube.ide.mcu.externaltools.gnu-tools-for-stm32.13.3.rel1.macos64_1.0.0.202411102158/tools/bin/../lib/gcc/arm-none-eabi/13.3.1/../../../../arm-none-eabi/lib/thumb/v7e-m+fp/hard/libm.a
END GROUP
START GROUP
LOAD /Applications/STM32CubeIDE.app/Contents/Eclipse/plugins/com.st.stm32cube.ide.mcu.externaltools.gnu-tools-for-stm32.13.3.rel1.macos64_1.0.0.202411102158/tools/bin/../lib/gcc/arm-none-eabi/13.3.1/thumb/v7e-m+fp/hard/libgcc.a
LOAD /Applications/STM32CubeIDE.app/Contents/Eclipse/plugins/com.st.stm32cube.ide.mcu.externaltools.gnu-tools-for-stm32.13.3.rel1.macos64_1.0.0.202411102158/tools/bin/../lib/gcc/arm-none-eabi/13.3.1/../../../../arm-none-eabi/lib/thumb/v7e-m+fp/hard/libc_nano.a
END GROUP
START GROUP
LOAD /Applications/STM32CubeIDE.app/Contents/Eclipse/plugins/com.st.stm32cube.ide.mcu.externaltools.gnu-tools-for-stm32.13.3.rel1.macos64_1.0.0.202411102158/tools/bin/../lib/gcc/arm-none-eabi/13.3.1/thumb/v7e-m+fp/hard/libgcc.a
LOAD /Applications/STM32CubeIDE.app/Contents/Eclipse/plugins/com.st.stm32cube.ide.mcu.externaltools.gnu-tools-for-stm32.13.3.rel1.macos64_1.0.0.202411102158/tools/bin/../lib/gcc/arm-none-eabi/13.3.1/../../../../arm-none-eabi/lib/thumb/v7e-m+fp/hard/libc_nano.a
LOAD /Applications/STM32CubeIDE.app/Contents/Eclipse/plugins/com.st.stm32cube.ide.mcu.externaltools.gnu-tools-for-stm32.13.3.rel1.macos64_1.0.0.202411102158/tools/bin/../lib/gcc/arm-none-eabi/13.3.1/../../../../arm-none-eabi/lib/thumb/v7e-m+fp/hard/libnosys.a
END GROUP
START GROUP
LOAD /Applications/STM32CubeIDE.app/Contents/Eclipse/plugins/com.st.stm32cube.ide.mcu.externaltools.gnu-tools-for-stm32.13.3.rel1.macos64_1.0.0.202411102158/tools/bin/../lib/gcc/arm-none-eabi/13.3.1/thumb/v7e-m+fp/hard/libgcc.a
LOAD /Applications/STM32CubeIDE.app/Contents/Eclipse/plugins/com.st.stm32cube.ide.mcu.externaltools.gnu-tools-for-stm32.13.3.rel1.macos64_1.0.0.202411102158/tools/bin/../lib/gcc/arm-none-eabi/13.3.1/../../../../arm-none-eabi/lib/thumb/v7e-m+fp/hard/libc_nano.a
LOAD /Applications/STM32CubeIDE.app/Contents/Eclipse/plugins/com.st.stm32cube.ide.mcu.externaltools.gnu-tools-for-stm32.13.3.rel1.macos64_1.0.0.202411102158/tools/bin/../lib/gcc/arm-none-eabi/13.3.1/../../../../arm-none-eabi/lib/thumb/v7e-m+fp/hard/libnosys.a
END GROUP
LOAD /Applications/STM32CubeIDE.app/Contents/Eclipse/plugins/com.st.stm32cube.ide.mcu.externaltools.gnu-tools-for-stm32.13.3.rel1.macos64_1.0.0.202411102158/tools/bin/../lib/gcc/arm-none-eabi/13.3.1/thumb/v7e-m+fp/hard/crtend.o
LOAD /Applications/STM32CubeIDE.app/Contents/Eclipse/plugins/com.st.stm32cube.ide.mcu.externaltools.gnu-tools-for-stm32.13.3.rel1.macos64_1.0.0.202411102158/tools/bin/../lib/gcc/arm-none-eabi/13.3.1/thumb/v7e-m+fp/hard/crtn.o
                0x20020000                        _estack = (ORIGIN (RAM) + LENGTH (RAM))
                0x00000200                        _Min_Heap_Size = 0x200
                0x00000400                        _Min_Stack_Size = 0x400

.isr_vector     0x08000000      0x1c4
                0x08000000                        . = ALIGN (0x4)
 *(.isr_vector)
 .isr_vector    0x08000000      0x1c4 ./Core/Startup/startup_stm32f446retx.o
                0x08000000                g_pfnVectors
                0x080001c4                        . = ALIGN (0x4)

.text           0x080001d0     0x2bd0
                0x080001d0                        . = ALIGN (0x4)
 *(.text)
 .text          0x080001d0       0x40 /Applications/STM32CubeIDE.app/Contents/Eclipse/plugins/com.st.stm32cube.ide.mcu.externaltools.gnu-tools-for-stm32.13.3.rel1.macos64_1.0.0.202411102158/tools/bin/../lib/gcc/arm-none-eabi/13.3.1/thumb/v7e-m+fp/hard/crtbegin.o
 .text          0x08000210       0x30 /var/folders/27/f20_cn_j59vbcwkjssxndwfm0000gn/T//ccckmBWD.o
                0x08000210                PendSV_Handler
 .text          0x08000240       0x30 /Applications/STM32CubeIDE.app/Contents/Eclipse/plugins/com.st.stm32cube.ide.mcu.externaltools.gnu-tools-for-stm32.13.3.rel1.macos64_1.0.0.202411102158/tools/bin/../lib/gcc/arm-none-eabi/13.3.1/thumb/v7e-m+fp/hard/libgcc.a(_aeabi_uldivmod.o)
                0x08000240                __aeabi_uldivmod
 .text          0x08000270      0x2f8 /Applications/STM32CubeIDE.app/Contents/Eclipse/plugins/com.st.stm32cube.ide.mcu.externaltools.gnu-tools-for-stm32.13.3.rel1.macos64_1.0.0.202411102158/tools/bin/../lib/gcc/arm-none-eabi/13.3.1/thumb/v7e-m+fp/hard/libgcc.a(_udivmoddi4.o)
                0x08000270                __udivmoddi4
 .text          0x08000568        0x4 /Applications/STM32CubeIDE.app/Contents/Eclipse/plugins/com.st.stm32cube.ide.mcu.externaltools.gnu-tools-for-stm32.13.3.rel1.macos64_1.0.0.202411102158/tools/bin/../lib/gcc/arm-none-eabi/13.3.1/thumb/v7e-m+fp/hard/libgcc.a(_dvmd_tls.o)
                0x08000568                __aeabi_ldiv0
                0x08000568                __aeabi_idiv0
 *(.text*)
 .text.led_pin_init
                0x0800056c       0x70 ./Core/Src/led.o
                0x0800056c                led_pin_init
 .text.led_on   0x080005dc       0x64 ./Core/Src/led.o
                0x080005dc                led_on
 .text.led_off  0x08000640       0x6c ./Core/Src/led.o
                0x08000640                led_off
 .text.main     0x080006ac       0x7c ./Core/Src/main.o
                0x080006ac                main
 .text.SystemClock_Config
                0x08000728       0xdc ./Core/Src/main.o
                0x08000728                SystemClock_Config
 .text.MX_USART2_UART_Init
                0x08000804       0x54 ./Core/Src/main.o
 .text.MX_GPIO_Init
                0x08000858       0xe4 ./Core/Src/main.o
 .text.Error_Handler
                0x0800093c        0xc ./Core/Src/main.o
                0x0800093c                Error_Handler
 .text.__NVIC_SetPriority
                0x08000948       0x54 ./Core/Src/os.o
 .text.s_insert_ready_task
                0x0800099c       0x7c ./Core/Src/os.o
 .text.s_delete_ready_task
                0x08000a18       0x88 ./Core/Src/os.o
 .text.s_insert_free_task
                0x08000aa0       0x3c ./Core/Src/os.o
 .text.s_insert_delay_task
                0x08000adc       0x68 ./Core/Src/os.o
 .text.s_delete_delay_task
                0x08000b44       0x5c ./Core/Src/os.o
 .text.init_irq
                0x08000ba0       0x44 ./Core/Src/os.o
                0x08000ba0                init_irq
 .text.init_os  0x08000be4       0x78 ./Core/Src/os.o
                0x08000be4                init_os
 .text.start_os
                0x08000c5c       0x12 ./Core/Src/os.o
                0x08000c5c                start_os
 *fill*         0x08000c6e        0x2 
 .text.s_allocate_stack
                0x08000c70       0x50 ./Core/Src/os.o
 .text.switching_task
                0x08000cc0       0x44 ./Core/Src/os.o
                0x08000cc0                switching_task
 .text.get_free_task
                0x08000d04       0x44 ./Core/Src/os.o
                0x08000d04                get_free_task
 .text.create_task
                0x08000d48      0x124 ./Core/Src/os.o
                0x08000d48                create_task
 .text.update_delayed_tasks
                0x08000e6c       0x80 ./Core/Src/os.o
                0x08000e6c                update_delayed_tasks
 .text.delay_task
                0x08000eec       0x7c ./Core/Src/os.o
                0x08000eec                delay_task
 .text.blocked_cur_task
                0x08000f68       0x58 ./Core/Src/os.o
                0x08000f68                blocked_cur_task
 .text.wait_signal
                0x08000fc0       0x78 ./Core/Src/os.o
                0x08000fc0                wait_signal
 .text.send_signal
                0x08001038       0x8c ./Core/Src/os.o
                0x08001038                send_signal
 .text.HAL_MspInit
                0x080010c4       0x50 ./Core/Src/stm32f4xx_hal_msp.o
                0x080010c4                HAL_MspInit
 .text.HAL_UART_MspInit
                0x08001114       0x90 ./Core/Src/stm32f4xx_hal_msp.o
                0x08001114                HAL_UART_MspInit
 .text.NMI_Handler
                0x080011a4        0x8 ./Core/Src/stm32f4xx_it.o
                0x080011a4                NMI_Handler
 .text.HardFault_Handler
                0x080011ac        0x8 ./Core/Src/stm32f4xx_it.o
                0x080011ac                HardFault_Handler
 .text.MemManage_Handler
                0x080011b4        0x8 ./Core/Src/stm32f4xx_it.o
                0x080011b4                MemManage_Handler
 .text.BusFault_Handler
                0x080011bc        0x8 ./Core/Src/stm32f4xx_it.o
                0x080011bc                BusFault_Handler
 .text.UsageFault_Handler
                0x080011c4        0x8 ./Core/Src/stm32f4xx_it.o
                0x080011c4                UsageFault_Handler
 .text.SVC_Handler
                0x080011cc       0x2c ./Core/Src/stm32f4xx_it.o
                0x080011cc                SVC_Handler
 .text.DebugMon_Handler
                0x080011f8        0xe ./Core/Src/stm32f4xx_it.o
                0x080011f8                DebugMon_Handler
 *fill*         0x08001206        0x2 
 .text.SysTick_Handler
                0x08001208       0x40 ./Core/Src/stm32f4xx_it.o
                0x08001208                SysTick_Handler
 .text.EXTI2_IRQHandler
                0x08001248       0x40 ./Core/Src/switch.o
                0x08001248                EXTI2_IRQHandler
 .text.EXTI4_IRQHandler
                0x08001288       0x40 ./Core/Src/switch.o
                0x08001288                EXTI4_IRQHandler
 .text.switch_pin_init
                0x080012c8       0xd4 ./Core/Src/switch.o
                0x080012c8                switch_pin_init
 .text.SystemInit
                0x0800139c       0x24 ./Core/Src/system_stm32f4xx.o
                0x0800139c                SystemInit
 .text.idle_task_func
                0x080013c0        0xc ./Core/Src/task.o
                0x080013c0                idle_task_func
 .text.led1_task_func
                0x080013cc       0x4c ./Core/Src/task.o
                0x080013cc                led1_task_func
 .text.led2_task_func
                0x08001418       0x4c ./Core/Src/task.o
                0x08001418                led2_task_func
 .text.led3_task_func
                0x08001464       0x8c ./Core/Src/task.o
                0x08001464                led3_task_func
 .text.Reset_Handler
                0x080014f0       0x50 ./Core/Startup/startup_stm32f446retx.o
                0x080014f0                Reset_Handler
 .text.Default_Handler
                0x08001540        0x2 ./Core/Startup/startup_stm32f446retx.o
                0x08001540                DMA1_Stream3_IRQHandler
                0x08001540                TIM8_CC_IRQHandler
                0x08001540                FMPI2C1_EV_IRQHandler
                0x08001540                SPI4_IRQHandler
                0x08001540                TIM1_CC_IRQHandler
                0x08001540                DMA2_Stream5_IRQHandler
                0x08001540                DMA1_Stream5_IRQHandler
                0x08001540                PVD_IRQHandler
                0x08001540                SDIO_IRQHandler
                0x08001540                TAMP_STAMP_IRQHandler
                0x08001540                CAN2_RX1_IRQHandler
                0x08001540                EXTI3_IRQHandler
                0x08001540                TIM8_TRG_COM_TIM14_IRQHandler
                0x08001540                TIM1_UP_TIM10_IRQHandler
                0x08001540                TIM8_UP_TIM13_IRQHandler
                0x08001540                I2C3_ER_IRQHandler
                0x08001540                EXTI0_IRQHandler
                0x08001540                I2C2_EV_IRQHandler
                0x08001540                DMA1_Stream2_IRQHandler
                0x08001540                CAN1_RX0_IRQHandler
                0x08001540                FPU_IRQHandler
                0x08001540                OTG_HS_WKUP_IRQHandler
                0x08001540                CAN2_SCE_IRQHandler
                0x08001540                DMA2_Stream2_IRQHandler
                0x08001540                SPI1_IRQHandler
                0x08001540                TIM6_DAC_IRQHandler
                0x08001540                TIM1_BRK_TIM9_IRQHandler
                0x08001540                DCMI_IRQHandler
                0x08001540                CAN2_RX0_IRQHandler
                0x08001540                DMA2_Stream3_IRQHandler
                0x08001540                SAI2_IRQHandler
                0x08001540                USART6_IRQHandler
                0x08001540                USART3_IRQHandler
                0x08001540                CAN1_RX1_IRQHandler
                0x08001540                UART5_IRQHandler
                0x08001540                DMA2_Stream0_IRQHandler
                0x08001540                TIM4_IRQHandler
                0x08001540                QUADSPI_IRQHandler
                0x08001540                I2C1_EV_IRQHandler
                0x08001540                DMA1_Stream6_IRQHandler
                0x08001540                DMA1_Stream1_IRQHandler
                0x08001540                UART4_IRQHandler
                0x08001540                TIM3_IRQHandler
                0x08001540                RCC_IRQHandler
                0x08001540                TIM8_BRK_TIM12_IRQHandler
                0x08001540                Default_Handler
                0x08001540                CEC_IRQHandler
                0x08001540                EXTI15_10_IRQHandler
                0x08001540                ADC_IRQHandler
                0x08001540                DMA1_Stream7_IRQHandler
                0x08001540                TIM7_IRQHandler
                0x08001540                CAN2_TX_IRQHandler
                0x08001540                TIM5_IRQHandler
                0x08001540                DMA2_Stream7_IRQHandler
                0x08001540                I2C3_EV_IRQHandler
                0x08001540                EXTI9_5_IRQHandler
                0x08001540                RTC_WKUP_IRQHandler
                0x08001540                SPDIF_RX_IRQHandler
                0x08001540                SPI2_IRQHandler
                0x08001540                OTG_HS_EP1_IN_IRQHandler
                0x08001540                DMA1_Stream0_IRQHandler
                0x08001540                CAN1_TX_IRQHandler
                0x08001540                FMPI2C1_ER_IRQHandler
                0x08001540                OTG_HS_EP1_OUT_IRQHandler
                0x08001540                WWDG_IRQHandler
                0x08001540                TIM2_IRQHandler
                0x08001540                OTG_FS_WKUP_IRQHandler
                0x08001540                TIM1_TRG_COM_TIM11_IRQHandler
                0x08001540                OTG_HS_IRQHandler
                0x08001540                EXTI1_IRQHandler
                0x08001540                USART2_IRQHandler
                0x08001540                I2C2_ER_IRQHandler
                0x08001540                DMA2_Stream1_IRQHandler
                0x08001540                CAN1_SCE_IRQHandler
                0x08001540                FLASH_IRQHandler
                0x08001540                DMA2_Stream4_IRQHandler
                0x08001540                USART1_IRQHandler
                0x08001540                OTG_FS_IRQHandler
                0x08001540                SPI3_IRQHandler
                0x08001540                DMA1_Stream4_IRQHandler
                0x08001540                I2C1_ER_IRQHandler
                0x08001540                FMC_IRQHandler
                0x08001540                DMA2_Stream6_IRQHandler
                0x08001540                SAI1_IRQHandler
                0x08001540                RTC_Alarm_IRQHandler
 *fill*         0x08001542        0x2 
 .text.HAL_Init
                0x08001544       0x44 ./Drivers/STM32F4xx_HAL_Driver/Src/stm32f4xx_hal.o
                0x08001544                HAL_Init
 .text.HAL_InitTick
                0x08001588       0x60 ./Drivers/STM32F4xx_HAL_Driver/Src/stm32f4xx_hal.o
                0x08001588                HAL_InitTick
 .text.HAL_IncTick
                0x080015e8       0x28 ./Drivers/STM32F4xx_HAL_Driver/Src/stm32f4xx_hal.o
                0x080015e8                HAL_IncTick
 .text.HAL_GetTick
                0x08001610       0x18 ./Drivers/STM32F4xx_HAL_Driver/Src/stm32f4xx_hal.o
                0x08001610                HAL_GetTick
 .text.__NVIC_SetPriorityGrouping
                0x08001628       0x48 ./Drivers/STM32F4xx_HAL_Driver/Src/stm32f4xx_hal_cortex.o
 .text.__NVIC_GetPriorityGrouping
                0x08001670       0x1c ./Drivers/STM32F4xx_HAL_Driver/Src/stm32f4xx_hal_cortex.o
 .text.__NVIC_EnableIRQ
                0x0800168c       0x3c ./Drivers/STM32F4xx_HAL_Driver/Src/stm32f4xx_hal_cortex.o
 .text.__NVIC_SetPriority
                0x080016c8       0x54 ./Drivers/STM32F4xx_HAL_Driver/Src/stm32f4xx_hal_cortex.o
 .text.NVIC_EncodePriority
                0x0800171c       0x66 ./Drivers/STM32F4xx_HAL_Driver/Src/stm32f4xx_hal_cortex.o
 *fill*         0x08001782        0x2 
 .text.SysTick_Config
                0x08001784       0x44 ./Drivers/STM32F4xx_HAL_Driver/Src/stm32f4xx_hal_cortex.o
 .text.HAL_NVIC_SetPriorityGrouping
                0x080017c8       0x16 ./Drivers/STM32F4xx_HAL_Driver/Src/stm32f4xx_hal_cortex.o
                0x080017c8                HAL_NVIC_SetPriorityGrouping
 .text.HAL_NVIC_SetPriority
                0x080017de       0x38 ./Drivers/STM32F4xx_HAL_Driver/Src/stm32f4xx_hal_cortex.o
                0x080017de                HAL_NVIC_SetPriority
 .text.HAL_NVIC_EnableIRQ
                0x08001816       0x1c ./Drivers/STM32F4xx_HAL_Driver/Src/stm32f4xx_hal_cortex.o
                0x08001816                HAL_NVIC_EnableIRQ
 .text.HAL_SYSTICK_Config
                0x08001832       0x18 ./Drivers/STM32F4xx_HAL_Driver/Src/stm32f4xx_hal_cortex.o
                0x08001832                HAL_SYSTICK_Config
 *fill*         0x0800184a        0x2 
 .text.HAL_GPIO_Init
                0x0800184c      0x328 ./Drivers/STM32F4xx_HAL_Driver/Src/stm32f4xx_hal_gpio.o
                0x0800184c                HAL_GPIO_Init
 .text.HAL_GPIO_ReadPin
                0x08001b74       0x30 ./Drivers/STM32F4xx_HAL_Driver/Src/stm32f4xx_hal_gpio.o
                0x08001b74                HAL_GPIO_ReadPin
 .text.HAL_GPIO_WritePin
                0x08001ba4       0x32 ./Drivers/STM32F4xx_HAL_Driver/Src/stm32f4xx_hal_gpio.o
                0x08001ba4                HAL_GPIO_WritePin
 *fill*         0x08001bd6        0x2 
 .text.HAL_RCC_ClockConfig
                0x08001bd8      0x1cc ./Drivers/STM32F4xx_HAL_Driver/Src/stm32f4xx_hal_rcc.o
                0x08001bd8                HAL_RCC_ClockConfig
 .text.HAL_RCC_GetHCLKFreq
                0x08001da4       0x18 ./Drivers/STM32F4xx_HAL_Driver/Src/stm32f4xx_hal_rcc.o
                0x08001da4                HAL_RCC_GetHCLKFreq
 .text.HAL_RCC_GetPCLK1Freq
                0x08001dbc       0x28 ./Drivers/STM32F4xx_HAL_Driver/Src/stm32f4xx_hal_rcc.o
                0x08001dbc                HAL_RCC_GetPCLK1Freq
 .text.HAL_RCC_GetPCLK2Freq
                0x08001de4       0x28 ./Drivers/STM32F4xx_HAL_Driver/Src/stm32f4xx_hal_rcc.o
                0x08001de4                HAL_RCC_GetPCLK2Freq
 .text.HAL_RCC_GetSysClockFreq
                0x08001e0c      0x460 ./Drivers/STM32F4xx_HAL_Driver/Src/stm32f4xx_hal_rcc_ex.o
                0x08001e0c                HAL_RCC_GetSysClockFreq
 .text.HAL_RCC_OscConfig
                0x0800226c      0x53c ./Drivers/STM32F4xx_HAL_Driver/Src/stm32f4xx_hal_rcc_ex.o
                0x0800226c                HAL_RCC_OscConfig
 .text.HAL_UART_Init
                0x080027a8       0xa0 ./Drivers/STM32F4xx_HAL_Driver/Src/stm32f4xx_hal_uart.o
                0x080027a8                HAL_UART_Init
 .text.UART_SetConfig
                0x08002848      0x4e8 ./Drivers/STM32F4xx_HAL_Driver/Src/stm32f4xx_hal_uart.o
 .text.memset   0x08002d30       0x10 /Applications/STM32CubeIDE.app/Contents/Eclipse/plugins/com.st.stm32cube.ide.mcu.externaltools.gnu-tools-for-stm32.13.3.rel1.macos64_1.0.0.202411102158/tools/bin/../lib/gcc/arm-none-eabi/13.3.1/../../../../arm-none-eabi/lib/thumb/v7e-m+fp/hard/libc_nano.a(libc_a-memset.o)
                0x08002d30                memset
 .text.__libc_init_array
                0x08002d40       0x48 /Applications/STM32CubeIDE.app/Contents/Eclipse/plugins/com.st.stm32cube.ide.mcu.externaltools.gnu-tools-for-stm32.13.3.rel1.macos64_1.0.0.202411102158/tools/bin/../lib/gcc/arm-none-eabi/13.3.1/../../../../arm-none-eabi/lib/thumb/v7e-m+fp/hard/libc_nano.a(libc_a-init.o)
                0x08002d40                __libc_init_array
 *(.glue_7)
 .glue_7        0x08002d88        0x0 linker stubs
 *(.glue_7t)
 .glue_7t       0x08002d88        0x0 linker stubs
 *(.eh_frame)
 .eh_frame      0x08002d88        0x0 /Applications/STM32CubeIDE.app/Contents/Eclipse/plugins/com.st.stm32cube.ide.mcu.externaltools.gnu-tools-for-stm32.13.3.rel1.macos64_1.0.0.202411102158/tools/bin/../lib/gcc/arm-none-eabi/13.3.1/thumb/v7e-m+fp/hard/crtbegin.o
 *(.init)
 .init          0x08002d88        0x4 /Applications/STM32CubeIDE.app/Contents/Eclipse/plugins/com.st.stm32cube.ide.mcu.externaltools.gnu-tools-for-stm32.13.3.rel1.macos64_1.0.0.202411102158/tools/bin/../lib/gcc/arm-none-eabi/13.3.1/thumb/v7e-m+fp/hard/crti.o
                0x08002d88                _init
 .init          0x08002d8c        0x8 /Applications/STM32CubeIDE.app/Contents/Eclipse/plugins/com.st.stm32cube.ide.mcu.externaltools.gnu-tools-for-stm32.13.3.rel1.macos64_1.0.0.202411102158/tools/bin/../lib/gcc/arm-none-eabi/13.3.1/thumb/v7e-m+fp/hard/crtn.o
 *(.fini)
 .fini          0x08002d94        0x4 /Applications/STM32CubeIDE.app/Contents/Eclipse/plugins/com.st.stm32cube.ide.mcu.externaltools.gnu-tools-for-stm32.13.3.rel1.macos64_1.0.0.202411102158/tools/bin/../lib/gcc/arm-none-eabi/13.3.1/thumb/v7e-m+fp/hard/crti.o
                0x08002d94                _fini
 .fini          0x08002d98        0x8 /Applications/STM32CubeIDE.app/Contents/Eclipse/plugins/com.st.stm32cube.ide.mcu.externaltools.gnu-tools-for-stm32.13.3.rel1.macos64_1.0.0.202411102158/tools/bin/../lib/gcc/arm-none-eabi/13.3.1/thumb/v7e-m+fp/hard/crtn.o
                0x08002da0                        . = ALIGN (0x4)
                0x08002da0                        _etext = .

.vfp11_veneer   0x08002da0        0x0
 .vfp11_veneer  0x08002da0        0x0 linker stubs

.v4_bx          0x08002da0        0x0
 .v4_bx         0x08002da0        0x0 linker stubs

.iplt           0x08002da0        0x0
 .iplt          0x08002da0        0x0 /Applications/STM32CubeIDE.app/Contents/Eclipse/plugins/com.st.stm32cube.ide.mcu.externaltools.gnu-tools-for-stm32.13.3.rel1.macos64_1.0.0.202411102158/tools/bin/../lib/gcc/arm-none-eabi/13.3.1/thumb/v7e-m+fp/hard/crtbegin.o

.rodata         0x08002da0       0x18
                0x08002da0                        . = ALIGN (0x4)
 *(.rodata)
 *(.rodata*)
 .rodata.AHBPrescTable
                0x08002da0       0x10 ./Core/Src/system_stm32f4xx.o
                0x08002da0                AHBPrescTable
 .rodata.APBPrescTable
                0x08002db0        0x8 ./Core/Src/system_stm32f4xx.o
                0x08002db0                APBPrescTable
                0x08002db8                        . = ALIGN (0x4)

.ARM.extab      0x08002db8        0x0
                0x08002db8                        . = ALIGN (0x4)
 *(.ARM.extab* .gnu.linkonce.armextab.*)
                0x08002db8                        . = ALIGN (0x4)

.ARM            0x08002db8        0x8
                0x08002db8                        . = ALIGN (0x4)
                0x08002db8                        __exidx_start = .
 *(.ARM.exidx*)
 .ARM.exidx     0x08002db8        0x8 /Applications/STM32CubeIDE.app/Contents/Eclipse/plugins/com.st.stm32cube.ide.mcu.externaltools.gnu-tools-for-stm32.13.3.rel1.macos64_1.0.0.202411102158/tools/bin/../lib/gcc/arm-none-eabi/13.3.1/thumb/v7e-m+fp/hard/libgcc.a(_udivmoddi4.o)
                0x08002dc0                        __exidx_end = .
                0x08002dc0                        . = ALIGN (0x4)

.preinit_array  0x08002dc0        0x0
                0x08002dc0                        . = ALIGN (0x4)
                0x08002dc0                        PROVIDE (__preinit_array_start = .)
 *(.preinit_array*)
                0x08002dc0                        PROVIDE (__preinit_array_end = .)
                0x08002dc0                        . = ALIGN (0x4)

.init_array     0x08002dc0        0x4
                0x08002dc0                        . = ALIGN (0x4)
                0x08002dc0                        PROVIDE (__init_array_start = .)
 *(SORT_BY_NAME(.init_array.*))
 *(.init_array*)
 .init_array    0x08002dc0        0x4 /Applications/STM32CubeIDE.app/Contents/Eclipse/plugins/com.st.stm32cube.ide.mcu.externaltools.gnu-tools-for-stm32.13.3.rel1.macos64_1.0.0.202411102158/tools/bin/../lib/gcc/arm-none-eabi/13.3.1/thumb/v7e-m+fp/hard/crtbegin.o
                0x08002dc4                        PROVIDE (__init_array_end = .)
                0x08002dc4                        . = ALIGN (0x4)

.fini_array     0x08002dc4        0x4
                0x08002dc4                        . = ALIGN (0x4)
                [!provide]                        PROVIDE (__fini_array_start = .)
 *(SORT_BY_NAME(.fini_array.*))
 *(.fini_array*)
 .fini_array    0x08002dc4        0x4 /Applications/STM32CubeIDE.app/Contents/Eclipse/plugins/com.st.stm32cube.ide.mcu.externaltools.gnu-tools-for-stm32.13.3.rel1.macos64_1.0.0.202411102158/tools/bin/../lib/gcc/arm-none-eabi/13.3.1/thumb/v7e-m+fp/hard/crtbegin.o
                [!provide]                        PROVIDE (__fini_array_end = .)
                0x08002dc8                        . = ALIGN (0x4)
                0x08002dc8                        _sidata = LOADADDR (.data)

.rel.dyn        0x08002dc8        0x0
 .rel.iplt      0x08002dc8        0x0 /Applications/STM32CubeIDE.app/Contents/Eclipse/plugins/com.st.stm32cube.ide.mcu.externaltools.gnu-tools-for-stm32.13.3.rel1.macos64_1.0.0.202411102158/tools/bin/../lib/gcc/arm-none-eabi/13.3.1/thumb/v7e-m+fp/hard/crtbegin.o

.data           0x20000000       0x18 load address 0x08002dc8
                0x20000000                        . = ALIGN (0x4)
                0x20000000                        _sdata = .
 *(.data)
 *(.data*)
 .data.os_stack_ptr
                0x20000000        0x4 ./Core/Src/os.o
 .data.os_stack_limit
                0x20000004        0x4 ./Core/Src/os.o
 .data.SystemCoreClock
                0x20000008        0x4 ./Core/Src/system_stm32f4xx.o
                0x20000008                SystemCoreClock
 .data.flag.3   0x2000000c        0x1 ./Core/Src/task.o
 *fill*         0x2000000d        0x3 
 .data.uwTickPrio
                0x20000010        0x4 ./Drivers/STM32F4xx_HAL_Driver/Src/stm32f4xx_hal.o
                0x20000010                uwTickPrio
 .data.uwTickFreq
                0x20000014        0x1 ./Drivers/STM32F4xx_HAL_Driver/Src/stm32f4xx_hal.o
                0x20000014                uwTickFreq
 *(.RamFunc)
 *(.RamFunc*)
                0x20000018                        . = ALIGN (0x4)
 *fill*         0x20000015        0x3 
                0x20000018                        _edata = .

.igot.plt       0x20000018        0x0 load address 0x08002de0
 .igot.plt      0x20000018        0x0 /Applications/STM32CubeIDE.app/Contents/Eclipse/plugins/com.st.stm32cube.ide.mcu.externaltools.gnu-tools-for-stm32.13.3.rel1.macos64_1.0.0.202411102158/tools/bin/../lib/gcc/arm-none-eabi/13.3.1/thumb/v7e-m+fp/hard/crtbegin.o
                0x20000018                        . = ALIGN (0x4)

.bss            0x20000018     0x2210 load address 0x08002de0
                0x20000018                        _sbss = .
                0x20000018                        __bss_start__ = _sbss
 *(.bss)
 .bss           0x20000018       0x1c /Applications/STM32CubeIDE.app/Contents/Eclipse/plugins/com.st.stm32cube.ide.mcu.externaltools.gnu-tools-for-stm32.13.3.rel1.macos64_1.0.0.202411102158/tools/bin/../lib/gcc/arm-none-eabi/13.3.1/thumb/v7e-m+fp/hard/crtbegin.o
 *(.bss*)
 .bss.huart2    0x20000034       0x48 ./Core/Src/main.o
                0x20000034                huart2
 .bss.task1_id  0x2000007c        0x1 ./Core/Src/main.o
                0x2000007c                task1_id
 .bss.task2_id  0x2000007d        0x1 ./Core/Src/main.o
                0x2000007d                task2_id
 .bss.task3_id  0x2000007e        0x1 ./Core/Src/main.o
                0x2000007e                task3_id
 *fill*         0x2000007f        0x1 
 .bss.task_pool
                0x20000080      0x168 ./Core/Src/os.o
                0x20000080                task_pool
 .bss.current_task_ptr
                0x200001e8        0x4 ./Core/Src/os.o
                0x200001e8                current_task_ptr
 .bss.ready_task_pool
                0x200001ec       0x2c ./Core/Src/os.o
                0x200001ec                ready_task_pool
 .bss.free_task_pool
                0x20000218        0x4 ./Core/Src/os.o
                0x20000218                free_task_pool
 .bss.delay_task_pool
                0x2000021c        0x4 ./Core/Src/os.o
                0x2000021c                delay_task_pool
 .bss.os_stack  0x20000220     0x2000 ./Core/Src/os.o
 .bss.flag.2    0x20002220        0x1 ./Core/Src/task.o
 .bss.sw1_flag.1
                0x20002221        0x1 ./Core/Src/task.o
 .bss.sw2_flag.0
                0x20002222        0x1 ./Core/Src/task.o
 *fill*         0x20002223        0x1 
 .bss.uwTick    0x20002224        0x4 ./Drivers/STM32F4xx_HAL_Driver/Src/stm32f4xx_hal.o
                0x20002224                uwTick
 *(COMMON)
                0x20002228                        . = ALIGN (0x4)
                0x20002228                        _ebss = .
                0x20002228                        __bss_end__ = _ebss

._user_heap_stack
                0x20002228      0x600 load address 0x08002de0
                0x20002228                        . = ALIGN (0x8)
                [!provide]                        PROVIDE (end = .)
                0x20002228                        PROVIDE (_end = .)
                0x20002428                        . = (. + _Min_Heap_Size)
 *fill*         0x20002228      0x200 
                0x20002828                        . = (. + _Min_Stack_Size)
 *fill*         0x20002428      0x400 
                0x20002828                        . = ALIGN (0x8)

/DISCARD/
 libc.a(*)
 libm.a(*)
 libgcc.a(*)

.ARM.attributes
                0x00000000       0x30
 *(.ARM.attributes)
 .ARM.attributes
                0x00000000       0x22 /Applications/STM32CubeIDE.app/Contents/Eclipse/plugins/com.st.stm32cube.ide.mcu.externaltools.gnu-tools-for-stm32.13.3.rel1.macos64_1.0.0.202411102158/tools/bin/../lib/gcc/arm-none-eabi/13.3.1/thumb/v7e-m+fp/hard/crti.o
 .ARM.attributes
                0x00000022       0x34 /Applications/STM32CubeIDE.app/Contents/Eclipse/plugins/com.st.stm32cube.ide.mcu.externaltools.gnu-tools-for-stm32.13.3.rel1.macos64_1.0.0.202411102158/tools/bin/../lib/gcc/arm-none-eabi/13.3.1/thumb/v7e-m+fp/hard/crtbegin.o
 .ARM.attributes
                0x00000056       0x34 ./Core/Src/led.o
 .ARM.attributes
                0x0000008a       0x34 ./Core/Src/main.o
 .ARM.attributes
                0x000000be       0x34 ./Core/Src/os.o
 .ARM.attributes
                0x000000f2       0x34 ./Core/Src/stm32f4xx_hal_msp.o
 .ARM.attributes
                0x00000126       0x34 ./Core/Src/stm32f4xx_it.o
 .ARM.attributes
                0x0000015a       0x34 ./Core/Src/switch.o
 .ARM.attributes
                0x0000018e       0x34 ./Core/Src/system_stm32f4xx.o
 .ARM.attributes
                0x000001c2       0x34 ./Core/Src/task.o
 .ARM.attributes
                0x000001f6       0x21 ./Core/Startup/startup_stm32f446retx.o
 .ARM.attributes
                0x00000217       0x34 ./Drivers/STM32F4xx_HAL_Driver/Src/stm32f4xx_hal.o
 .ARM.attributes
                0x0000024b       0x34 ./Drivers/STM32F4xx_HAL_Driver/Src/stm32f4xx_hal_cortex.o
 .ARM.attributes
                0x0000027f       0x34 ./Drivers/STM32F4xx_HAL_Driver/Src/stm32f4xx_hal_gpio.o
 .ARM.attributes
                0x000002b3       0x34 ./Drivers/STM32F4xx_HAL_Driver/Src/stm32f4xx_hal_rcc.o
 .ARM.attributes
                0x000002e7       0x34 ./Drivers/STM32F4xx_HAL_Driver/Src/stm32f4xx_hal_rcc_ex.o
 .ARM.attributes
                0x0000031b       0x34 ./Drivers/STM32F4xx_HAL_Driver/Src/stm32f4xx_hal_uart.o
 .ARM.attributes
                0x0000034f       0x20 /var/folders/27/f20_cn_j59vbcwkjssxndwfm0000gn/T//ccckmBWD.o
 .ARM.attributes
                0x0000036f       0x34 /Applications/STM32CubeIDE.app/Contents/Eclipse/plugins/com.st.stm32cube.ide.mcu.externaltools.gnu-tools-for-stm32.13.3.rel1.macos64_1.0.0.202411102158/tools/bin/../lib/gcc/arm-none-eabi/13.3.1/../../../../arm-none-eabi/lib/thumb/v7e-m+fp/hard/libc_nano.a(libc_a-memset.o)
 .ARM.attributes
                0x000003a3       0x34 /Applications/STM32CubeIDE.app/Contents/Eclipse/plugins/com.st.stm32cube.ide.mcu.externaltools.gnu-tools-for-stm32.13.3.rel1.macos64_1.0.0.202411102158/tools/bin/../lib/gcc/arm-none-eabi/13.3.1/../../../../arm-none-eabi/lib/thumb/v7e-m+fp/hard/libc_nano.a(libc_a-init.o)
 .ARM.attributes
                0x000003d7       0x22 /Applications/STM32CubeIDE.app/Contents/Eclipse/plugins/com.st.stm32cube.ide.mcu.externaltools.gnu-tools-for-stm32.13.3.rel1.macos64_1.0.0.202411102158/tools/bin/../lib/gcc/arm-none-eabi/13.3.1/thumb/v7e-m+fp/hard/libgcc.a(_aeabi_uldivmod.o)
 .ARM.attributes
                0x000003f9       0x34 /Applications/STM32CubeIDE.app/Contents/Eclipse/plugins/com.st.stm32cube.ide.mcu.externaltools.gnu-tools-for-stm32.13.3.rel1.macos64_1.0.0.202411102158/tools/bin/../lib/gcc/arm-none-eabi/13.3.1/thumb/v7e-m+fp/hard/libgcc.a(_udivmoddi4.o)
 .ARM.attributes
                0x0000042d       0x22 /Applications/STM32CubeIDE.app/Contents/Eclipse/plugins/com.st.stm32cube.ide.mcu.externaltools.gnu-tools-for-stm32.13.3.rel1.macos64_1.0.0.202411102158/tools/bin/../lib/gcc/arm-none-eabi/13.3.1/thumb/v7e-m+fp/hard/libgcc.a(_dvmd_tls.o)
 .ARM.attributes
                0x0000044f       0x22 /Applications/STM32CubeIDE.app/Contents/Eclipse/plugins/com.st.stm32cube.ide.mcu.externaltools.gnu-tools-for-stm32.13.3.rel1.macos64_1.0.0.202411102158/tools/bin/../lib/gcc/arm-none-eabi/13.3.1/thumb/v7e-m+fp/hard/crtn.o
OUTPUT(stm32f446_digial_equalizer.elf elf32-littlearm)
LOAD linker stubs
LOAD /Applications/STM32CubeIDE.app/Contents/Eclipse/plugins/com.st.stm32cube.ide.mcu.externaltools.gnu-tools-for-stm32.13.3.rel1.macos64_1.0.0.202411102158/tools/bin/../lib/gcc/arm-none-eabi/13.3.1/../../../../arm-none-eabi/lib/thumb/v7e-m+fp/hard/libc.a
LOAD /Applications/STM32CubeIDE.app/Contents/Eclipse/plugins/com.st.stm32cube.ide.mcu.externaltools.gnu-tools-for-stm32.13.3.rel1.macos64_1.0.0.202411102158/tools/bin/../lib/gcc/arm-none-eabi/13.3.1/../../../../arm-none-eabi/lib/thumb/v7e-m+fp/hard/libm.a
LOAD /Applications/STM32CubeIDE.app/Contents/Eclipse/plugins/com.st.stm32cube.ide.mcu.externaltools.gnu-tools-for-stm32.13.3.rel1.macos64_1.0.0.202411102158/tools/bin/../lib/gcc/arm-none-eabi/13.3.1/thumb/v7e-m+fp/hard/libgcc.a

.debug_info     0x00000000     0x9bda
 .debug_info    0x00000000      0x2df ./Core/Src/led.o
 .debug_info    0x000002df      0xcab ./Core/Src/main.o
 .debug_info    0x00000f8a     0x1145 ./Core/Src/os.o
 .debug_info    0x000020cf      0x92c ./Core/Src/stm32f4xx_hal_msp.o
 .debug_info    0x000029fb      0x339 ./Core/Src/stm32f4xx_it.o
 .debug_info    0x00002d34      0x772 ./Core/Src/switch.o
 .debug_info    0x000034a6      0x54a ./Core/Src/system_stm32f4xx.o
 .debug_info    0x000039f0      0x1db ./Core/Src/task.o
 .debug_info    0x00003bcb       0x30 ./Core/Startup/startup_stm32f446retx.o
 .debug_info    0x00003bfb      0x99a ./Drivers/STM32F4xx_HAL_Driver/Src/stm32f4xx_hal.o
 .debug_info    0x00004595      0xdaa ./Drivers/STM32F4xx_HAL_Driver/Src/stm32f4xx_hal_cortex.o
 .debug_info    0x0000533f      0x70b ./Drivers/STM32F4xx_HAL_Driver/Src/stm32f4xx_hal_gpio.o
 .debug_info    0x00005a4a      0x8eb ./Drivers/STM32F4xx_HAL_Driver/Src/stm32f4xx_hal_rcc.o
 .debug_info    0x00006335      0x956 ./Drivers/STM32F4xx_HAL_Driver/Src/stm32f4xx_hal_rcc_ex.o
 .debug_info    0x00006c8b     0x2f4f ./Drivers/STM32F4xx_HAL_Driver/Src/stm32f4xx_hal_uart.o

.debug_abbrev   0x00000000     0x1d97
 .debug_abbrev  0x00000000      0x1ba ./Core/Src/led.o
 .debug_abbrev  0x000001ba      0x272 ./Core/Src/main.o
 .debug_abbrev  0x0000042c      0x3b7 ./Core/Src/os.o
 .debug_abbrev  0x000007e3      0x1c2 ./Core/Src/stm32f4xx_hal_msp.o
 .debug_abbrev  0x000009a5      0x135 ./Core/Src/stm32f4xx_it.o
 .debug_abbrev  0x00000ada      0x1ca ./Core/Src/switch.o
 .debug_abbrev  0x00000ca4      0x11a ./Core/Src/system_stm32f4xx.o
 .debug_abbrev  0x00000dbe       0xe1 ./Core/Src/task.o
 .debug_abbrev  0x00000e9f       0x24 ./Core/Startup/startup_stm32f446retx.o
 .debug_abbrev  0x00000ec3      0x214 ./Drivers/STM32F4xx_HAL_Driver/Src/stm32f4xx_hal.o
 .debug_abbrev  0x000010d7      0x31d ./Drivers/STM32F4xx_HAL_Driver/Src/stm32f4xx_hal_cortex.o
 .debug_abbrev  0x000013f4      0x1d4 ./Drivers/STM32F4xx_HAL_Driver/Src/stm32f4xx_hal_gpio.o
 .debug_abbrev  0x000015c8      0x2b7 ./Drivers/STM32F4xx_HAL_Driver/Src/stm32f4xx_hal_rcc.o
 .debug_abbrev  0x0000187f      0x20a ./Drivers/STM32F4xx_HAL_Driver/Src/stm32f4xx_hal_rcc_ex.o
 .debug_abbrev  0x00001a89      0x30e ./Drivers/STM32F4xx_HAL_Driver/Src/stm32f4xx_hal_uart.o

.debug_aranges  0x00000000      0x808
 .debug_aranges
                0x00000000       0x30 ./Core/Src/led.o
 .debug_aranges
                0x00000030       0x40 ./Core/Src/main.o
 .debug_aranges
                0x00000070       0xd0 ./Core/Src/os.o
 .debug_aranges
                0x00000140       0x30 ./Core/Src/stm32f4xx_hal_msp.o
 .debug_aranges
                0x00000170       0x60 ./Core/Src/stm32f4xx_it.o
 .debug_aranges
                0x000001d0       0x30 ./Core/Src/switch.o
 .debug_aranges
                0x00000200       0x28 ./Core/Src/system_stm32f4xx.o
 .debug_aranges
                0x00000228       0x38 ./Core/Src/task.o
 .debug_aranges
                0x00000260       0x28 ./Core/Startup/startup_stm32f446retx.o
 .debug_aranges
                0x00000288       0xf0 ./Drivers/STM32F4xx_HAL_Driver/Src/stm32f4xx_hal.o
 .debug_aranges
                0x00000378      0x130 ./Drivers/STM32F4xx_HAL_Driver/Src/stm32f4xx_hal_cortex.o
 .debug_aranges
                0x000004a8       0x58 ./Drivers/STM32F4xx_HAL_Driver/Src/stm32f4xx_hal_gpio.o
 .debug_aranges
                0x00000500       0x88 ./Drivers/STM32F4xx_HAL_Driver/Src/stm32f4xx_hal_rcc.o
 .debug_aranges
                0x00000588       0x78 ./Drivers/STM32F4xx_HAL_Driver/Src/stm32f4xx_hal_rcc_ex.o
 .debug_aranges
                0x00000600      0x208 ./Drivers/STM32F4xx_HAL_Driver/Src/stm32f4xx_hal_uart.o

.debug_rnglists
                0x00000000      0x614
 .debug_rnglists
                0x00000000       0x1f ./Core/Src/led.o
 .debug_rnglists
                0x0000001f       0x2d ./Core/Src/main.o
 .debug_rnglists
                0x0000004c       0x9e ./Core/Src/os.o
 .debug_rnglists
                0x000000ea       0x20 ./Core/Src/stm32f4xx_hal_msp.o
 .debug_rnglists
                0x0000010a       0x43 ./Core/Src/stm32f4xx_it.o
 .debug_rnglists
                0x0000014d       0x20 ./Core/Src/switch.o
 .debug_rnglists
                0x0000016d       0x1a ./Core/Src/system_stm32f4xx.o
 .debug_rnglists
                0x00000187       0x26 ./Core/Src/task.o
 .debug_rnglists
                0x000001ad       0x19 ./Core/Startup/startup_stm32f446retx.o
 .debug_rnglists
                0x000001c6       0xaf ./Drivers/STM32F4xx_HAL_Driver/Src/stm32f4xx_hal.o
 .debug_rnglists
                0x00000275       0xe0 ./Drivers/STM32F4xx_HAL_Driver/Src/stm32f4xx_hal_cortex.o
 .debug_rnglists
                0x00000355       0x3f ./Drivers/STM32F4xx_HAL_Driver/Src/stm32f4xx_hal_gpio.o
 .debug_rnglists
                0x00000394       0x66 ./Drivers/STM32F4xx_HAL_Driver/Src/stm32f4xx_hal_rcc.o
 .debug_rnglists
                0x000003fa       0x5e ./Drivers/STM32F4xx_HAL_Driver/Src/stm32f4xx_hal_rcc_ex.o
 .debug_rnglists
                0x00000458      0x1bc ./Drivers/STM32F4xx_HAL_Driver/Src/stm32f4xx_hal_uart.o

.debug_macro    0x00000000    0x2144b
 .debug_macro   0x00000000      0x1e0 ./Core/Src/led.o
 .debug_macro   0x000001e0      0xad8 ./Core/Src/led.o
 .debug_macro   0x00000cb8       0x28 ./Core/Src/led.o
 .debug_macro   0x00000ce0       0x22 ./Core/Src/led.o
 .debug_macro   0x00000d02       0x8e ./Core/Src/led.o
 .debug_macro   0x00000d90       0x51 ./Core/Src/led.o
 .debug_macro   0x00000de1      0x103 ./Core/Src/led.o
 .debug_macro   0x00000ee4       0x6a ./Core/Src/led.o
 .debug_macro   0x00000f4e      0x1df ./Core/Src/led.o
 .debug_macro   0x0000112d       0x1c ./Core/Src/led.o
 .debug_macro   0x00001149       0x22 ./Core/Src/led.o
 .debug_macro   0x0000116b       0xfb ./Core/Src/led.o
 .debug_macro   0x00001266     0x1011 ./Core/Src/led.o
 .debug_macro   0x00002277      0x11f ./Core/Src/led.o
 .debug_macro   0x00002396    0x16749 ./Core/Src/led.o
 .debug_macro   0x00018adf      0x295 ./Core/Src/led.o
 .debug_macro   0x00018d74       0x2e ./Core/Src/led.o
 .debug_macro   0x00018da2       0x6d ./Core/Src/led.o
 .debug_macro   0x00018e0f     0x369a ./Core/Src/led.o
 .debug_macro   0x0001c4a9      0x190 ./Core/Src/led.o
 .debug_macro   0x0001c639       0x5c ./Core/Src/led.o
 .debug_macro   0x0001c695      0xca5 ./Core/Src/led.o
 .debug_macro   0x0001d33a      0x9e9 ./Core/Src/led.o
 .debug_macro   0x0001dd23      0x115 ./Core/Src/led.o
 .debug_macro   0x0001de38      0x1a0 ./Core/Src/led.o
 .debug_macro   0x0001dfd8       0xa5 ./Core/Src/led.o
 .debug_macro   0x0001e07d      0x16d ./Core/Src/led.o
 .debug_macro   0x0001e1ea      0x287 ./Core/Src/led.o
 .debug_macro   0x0001e471       0x5f ./Core/Src/led.o
 .debug_macro   0x0001e4d0      0x236 ./Core/Src/led.o
 .debug_macro   0x0001e706      0x132 ./Core/Src/led.o
 .debug_macro   0x0001e838      0x29c ./Core/Src/led.o
 .debug_macro   0x0001ead4       0x2e ./Core/Src/led.o
 .debug_macro   0x0001eb02      0x127 ./Core/Src/led.o
 .debug_macro   0x0001ec29       0xe8 ./Core/Src/led.o
 .debug_macro   0x0001ed11       0x89 ./Core/Src/led.o
 .debug_macro   0x0001ed9a      0x2aa ./Core/Src/led.o
 .debug_macro   0x0001f044      0x126 ./Core/Src/led.o
 .debug_macro   0x0001f16a       0x64 ./Core/Src/led.o
 .debug_macro   0x0001f1ce       0x16 ./Core/Src/led.o
 .debug_macro   0x0001f1e4      0x202 ./Core/Src/main.o
 .debug_macro   0x0001f3e6       0x58 ./Core/Src/main.o
 .debug_macro   0x0001f43e       0x6a ./Core/Src/main.o
 .debug_macro   0x0001f4a8       0x10 ./Core/Src/main.o
 .debug_macro   0x0001f4b8       0x58 ./Core/Src/main.o
 .debug_macro   0x0001f510      0x2cc ./Core/Src/os.o
 .debug_macro   0x0001f7dc       0x61 ./Core/Src/os.o
 .debug_macro   0x0001f83d       0x2a ./Core/Src/os.o
 .debug_macro   0x0001f867       0x43 ./Core/Src/os.o
 .debug_macro   0x0001f8aa       0x34 ./Core/Src/os.o
 .debug_macro   0x0001f8de      0x370 ./Core/Src/os.o
 .debug_macro   0x0001fc4e       0x16 ./Core/Src/os.o
 .debug_macro   0x0001fc64       0x4a ./Core/Src/os.o
 .debug_macro   0x0001fcae       0x34 ./Core/Src/os.o
 .debug_macro   0x0001fce2       0x10 ./Core/Src/os.o
 .debug_macro   0x0001fcf2       0x58 ./Core/Src/os.o
 .debug_macro   0x0001fd4a       0x8e ./Core/Src/os.o
 .debug_macro   0x0001fdd8       0x1c ./Core/Src/os.o
 .debug_macro   0x0001fdf4      0x185 ./Core/Src/os.o
 .debug_macro   0x0001ff79       0x10 ./Core/Src/os.o
 .debug_macro   0x0001ff89       0x3c ./Core/Src/os.o
 .debug_macro   0x0001ffc5       0x20 ./Core/Src/os.o
 .debug_macro   0x0001ffe5      0x1cd ./Core/Src/stm32f4xx_hal_msp.o
 .debug_macro   0x000201b2      0x207 ./Core/Src/stm32f4xx_it.o
 .debug_macro   0x000203b9      0x1ef ./Core/Src/switch.o
 .debug_macro   0x000205a8      0x1ba ./Core/Src/system_stm32f4xx.o
 .debug_macro   0x00020762      0x202 ./Core/Src/task.o
 .debug_macro   0x00020964      0x21a ./Drivers/STM32F4xx_HAL_Driver/Src/stm32f4xx_hal.o
 .debug_macro   0x00020b7e      0x1ba ./Drivers/STM32F4xx_HAL_Driver/Src/stm32f4xx_hal_cortex.o
 .debug_macro   0x00020d38      0x1c0 ./Drivers/STM32F4xx_HAL_Driver/Src/stm32f4xx_hal_gpio.o
 .debug_macro   0x00020ef8      0x1de ./Drivers/STM32F4xx_HAL_Driver/Src/stm32f4xx_hal_rcc.o
 .debug_macro   0x000210d6      0x1ba ./Drivers/STM32F4xx_HAL_Driver/Src/stm32f4xx_hal_rcc_ex.o
 .debug_macro   0x00021290      0x1bb ./Drivers/STM32F4xx_HAL_Driver/Src/stm32f4xx_hal_uart.o

.debug_line     0x00000000     0xabbd
 .debug_line    0x00000000      0x786 ./Core/Src/led.o
 .debug_line    0x00000786      0x7dc ./Core/Src/main.o
 .debug_line    0x00000f62      0xfde ./Core/Src/os.o
 .debug_line    0x00001f40      0x6f8 ./Core/Src/stm32f4xx_hal_msp.o
 .debug_line    0x00002638      0x7a3 ./Core/Src/stm32f4xx_it.o
 .debug_line    0x00002ddb      0x72a ./Core/Src/switch.o
 .debug_line    0x00003505      0x72f ./Core/Src/system_stm32f4xx.o
 .debug_line    0x00003c34      0x75d ./Core/Src/task.o
 .debug_line    0x00004391       0x7a ./Core/Startup/startup_stm32f446retx.o
 .debug_line    0x0000440b      0x99c ./Drivers/STM32F4xx_HAL_Driver/Src/stm32f4xx_hal.o
 .debug_line    0x00004da7      0xc6c ./Drivers/STM32F4xx_HAL_Driver/Src/stm32f4xx_hal_cortex.o
 .debug_line    0x00005a13      0xae0 ./Drivers/STM32F4xx_HAL_Driver/Src/stm32f4xx_hal_gpio.o
 .debug_line    0x000064f3      0xdb7 ./Drivers/STM32F4xx_HAL_Driver/Src/stm32f4xx_hal_rcc.o
 .debug_line    0x000072aa     0x1468 ./Drivers/STM32F4xx_HAL_Driver/Src/stm32f4xx_hal_rcc_ex.o
 .debug_line    0x00008712     0x24ab ./Drivers/STM32F4xx_HAL_Driver/Src/stm32f4xx_hal_uart.o

.debug_str      0x00000000    0xc8372
 .debug_str     0x00000000    0xc8372 ./Core/Src/led.o
                              0xc279e (size before relaxing)
 .debug_str     0x000c8372    0xc3187 ./Core/Src/main.o
 .debug_str     0x000c8372    0xc64bc ./Core/Src/os.o
 .debug_str     0x000c8372    0xc2ca1 ./Core/Src/stm32f4xx_hal_msp.o
 .debug_str     0x000c8372    0xc2a8e ./Core/Src/stm32f4xx_it.o
 .debug_str     0x000c8372    0xc2f5b ./Core/Src/switch.o
 .debug_str     0x000c8372    0xc26ef ./Core/Src/system_stm32f4xx.o
 .debug_str     0x000c8372    0xc28b7 ./Core/Src/task.o
 .debug_str     0x000c8372       0x95 ./Core/Startup/startup_stm32f446retx.o
 .debug_str     0x000c8372    0xc32a3 ./Drivers/STM32F4xx_HAL_Driver/Src/stm32f4xx_hal.o
 .debug_str     0x000c8372    0xc2ffa ./Drivers/STM32F4xx_HAL_Driver/Src/stm32f4xx_hal_cortex.o
 .debug_str     0x000c8372    0xc2859 ./Drivers/STM32F4xx_HAL_Driver/Src/stm32f4xx_hal_gpio.o
 .debug_str     0x000c8372    0xc2b17 ./Drivers/STM32F4xx_HAL_Driver/Src/stm32f4xx_hal_rcc.o
 .debug_str     0x000c8372    0xc2b4a ./Drivers/STM32F4xx_HAL_Driver/Src/stm32f4xx_hal_rcc_ex.o
 .debug_str     0x000c8372    0xc30ce ./Drivers/STM32F4xx_HAL_Driver/Src/stm32f4xx_hal_uart.o

.comment        0x00000000       0x43
 .comment       0x00000000       0x43 ./Core/Src/led.o
                                 0x44 (size before relaxing)
 .comment       0x00000043       0x44 ./Core/Src/main.o
 .comment       0x00000043       0x44 ./Core/Src/os.o
 .comment       0x00000043       0x44 ./Core/Src/stm32f4xx_hal_msp.o
 .comment       0x00000043       0x44 ./Core/Src/stm32f4xx_it.o
 .comment       0x00000043       0x44 ./Core/Src/switch.o
 .comment       0x00000043       0x44 ./Core/Src/system_stm32f4xx.o
 .comment       0x00000043       0x44 ./Core/Src/task.o
 .comment       0x00000043       0x44 ./Drivers/STM32F4xx_HAL_Driver/Src/stm32f4xx_hal.o
 .comment       0x00000043       0x44 ./Drivers/STM32F4xx_HAL_Driver/Src/stm32f4xx_hal_cortex.o
 .comment       0x00000043       0x44 ./Drivers/STM32F4xx_HAL_Driver/Src/stm32f4xx_hal_gpio.o
 .comment       0x00000043       0x44 ./Drivers/STM32F4xx_HAL_Driver/Src/stm32f4xx_hal_rcc.o
 .comment       0x00000043       0x44 ./Drivers/STM32F4xx_HAL_Driver/Src/stm32f4xx_hal_rcc_ex.o
 .comment       0x00000043       0x44 ./Drivers/STM32F4xx_HAL_Driver/Src/stm32f4xx_hal_uart.o

.debug_frame    0x00000000     0x1f20
 .debug_frame   0x00000000       0x84 ./Core/Src/led.o
 .debug_frame   0x00000084       0xa8 ./Core/Src/main.o
 .debug_frame   0x0000012c      0x378 ./Core/Src/os.o
 .debug_frame   0x000004a4       0x7c ./Core/Src/stm32f4xx_hal_msp.o
 .debug_frame   0x00000520      0x10c ./Core/Src/stm32f4xx_it.o
 .debug_frame   0x0000062c       0x6c ./Core/Src/switch.o
 .debug_frame   0x00000698       0x58 ./Core/Src/system_stm32f4xx.o
 .debug_frame   0x000006f0       0x8c ./Core/Src/task.o
 .debug_frame   0x0000077c      0x374 ./Drivers/STM32F4xx_HAL_Driver/Src/stm32f4xx_hal.o
 .debug_frame   0x00000af0      0x508 ./Drivers/STM32F4xx_HAL_Driver/Src/stm32f4xx_hal_cortex.o
 .debug_frame   0x00000ff8      0x14c ./Drivers/STM32F4xx_HAL_Driver/Src/stm32f4xx_hal_gpio.o
 .debug_frame   0x00001144      0x1f4 ./Drivers/STM32F4xx_HAL_Driver/Src/stm32f4xx_hal_rcc.o
 .debug_frame   0x00001338      0x1e8 ./Drivers/STM32F4xx_HAL_Driver/Src/stm32f4xx_hal_rcc_ex.o
 .debug_frame   0x00001520      0x954 ./Drivers/STM32F4xx_HAL_Driver/Src/stm32f4xx_hal_uart.o
 .debug_frame   0x00001e74       0x20 /Applications/STM32CubeIDE.app/Contents/Eclipse/plugins/com.st.stm32cube.ide.mcu.externaltools.gnu-tools-for-stm32.13.3.rel1.macos64_1.0.0.202411102158/tools/bin/../lib/gcc/arm-none-eabi/13.3.1/../../../../arm-none-eabi/lib/thumb/v7e-m+fp/hard/libc_nano.a(libc_a-memset.o)
 .debug_frame   0x00001e94       0x2c /Applications/STM32CubeIDE.app/Contents/Eclipse/plugins/com.st.stm32cube.ide.mcu.externaltools.gnu-tools-for-stm32.13.3.rel1.macos64_1.0.0.202411102158/tools/bin/../lib/gcc/arm-none-eabi/13.3.1/../../../../arm-none-eabi/lib/thumb/v7e-m+fp/hard/libc_nano.a(libc_a-init.o)
 .debug_frame   0x00001ec0       0x2c /Applications/STM32CubeIDE.app/Contents/Eclipse/plugins/com.st.stm32cube.ide.mcu.externaltools.gnu-tools-for-stm32.13.3.rel1.macos64_1.0.0.202411102158/tools/bin/../lib/gcc/arm-none-eabi/13.3.1/thumb/v7e-m+fp/hard/libgcc.a(_aeabi_uldivmod.o)
 .debug_frame   0x00001eec       0x34 /Applications/STM32CubeIDE.app/Contents/Eclipse/plugins/com.st.stm32cube.ide.mcu.externaltools.gnu-tools-for-stm32.13.3.rel1.macos64_1.0.0.202411102158/tools/bin/../lib/gcc/arm-none-eabi/13.3.1/thumb/v7e-m+fp/hard/libgcc.a(_udivmoddi4.o)

.debug_line_str
                0x00000000       0x79
 .debug_line_str
                0x00000000       0x79 ./Core/Startup/startup_stm32f446retx.o
