../Drivers/CMSIS/Include/core_cm4.h:1814:22:__NVIC_SetPriority	16	static
../Core/Src/os.c:27:13:s_insert_ready_task	24	static
../Core/Src/os.c:48:13:s_delete_ready_task	24	static
../Core/Src/os.c:67:13:s_insert_free_task	24	static
../Core/Src/os.c:74:13:s_insert_delay_task	24	static
../Core/Src/os.c:92:13:s_delete_delay_task	24	static
../Core/Src/os.c:111:6:init_irq	16	static
../Core/Src/os.c:123:6:init_os	16	static
../Core/Src/os.c:137:6:start_os	8	static,ignoring_inline_asm
../Core/Src/os.c:145:17:s_allocate_stack	24	static
../Core/Src/os.c:160:17:s_allocate_queue_momory	24	static
../Core/Src/os.c:177:6:switching_task	16	static
../Core/Src/os.c:189:10:get_free_task	16	static
../Core/Src/os.c:207:9:create_task	56	static,ignoring_inline_asm
../Core/Src/os.c:255:6:update_delayed_tasks	32	static,ignoring_inline_asm
../Core/Src/os.c:283:6:delay_task	24	static,ignoring_inline_asm
../Core/Src/os.c:299:6:blocked_cur_task	16	static
../Core/Src/os.c:309:9:wait_signal	32	static,ignoring_inline_asm
../Core/Src/os.c:323:6:send_signal	32	static,ignoring_inline_asm
../Core/Src/os.c:344:10:create_queue	32	static,ignoring_inline_asm
../Core/Src/os.c:374:13:s_move_queue_ptr	56	static
../Core/Src/os.c:386:9:enqueue	40	static,ignoring_inline_asm
../Core/Src/os.c:418:9:dequeue	56	static,ignoring_inline_asm
