../Drivers/CMSIS/Include/core_cm4.h:1814:22:__NVIC_SetPriority	16	static
../Core/Src/os.c:28:13:_insert_ready_task	24	static
../Core/Src/os.c:49:13:_delete_ready_task	24	static
../Core/Src/os.c:68:13:_insert_free_task	24	static
../Core/Src/os.c:75:13:_insert_delay_task	24	static
../Core/Src/os.c:93:13:_delete_delay_task	24	static
../Core/Src/os.c:112:6:init_irq	16	static
../Core/Src/os.c:126:6:init_os	16	static
../Core/Src/os.c:142:6:start_os	8	static,ignoring_inline_asm
../Core/Src/os.c:150:17:_allocate_stack	24	static
../Core/Src/os.c:165:17:_allocate_queue_momory	24	static
../Core/Src/os.c:183:6:switching_task	16	static
../Core/Src/os.c:195:10:get_free_task	16	static
../Core/Src/os.c:215:9:create_task	56	static,ignoring_inline_asm
../Core/Src/os.c:262:6:update_delayed_tasks	32	static,ignoring_inline_asm
../Core/Src/os.c:290:6:delay_task	24	static,ignoring_inline_asm
../Core/Src/os.c:306:6:blocked_cur_task	16	static
../Core/Src/os.c:316:9:wait_signal	32	static,ignoring_inline_asm
../Core/Src/os.c:332:6:send_signal	32	static,ignoring_inline_asm
../Core/Src/os.c:353:10:create_queue	32	static,ignoring_inline_asm
../Core/Src/os.c:384:13:_move_queue_ptr	56	static
../Core/Src/os.c:396:9:enqueue	40	static,ignoring_inline_asm
../Core/Src/os.c:429:9:dequeue	56	static,ignoring_inline_asm
